from,to
ABT  201,B_ABT
ACHBS101,VI_SE_HBs_AG_Q2_T
AKN,PT_BB_AMIKA
AKN_BK,PT_BB_AMIKA
ALAT 101,B_TGP
AM   101,BB_UG_AMON2_SI
AMO,PT_AMOXICILLINE
ANTICORPS ANTI-POLIOVIRUS 1,VI_SE_POLIO_1
ANTICORPS ANTI-POLIOVIRUS 2,VI_SE_POLIO_2
ANTICORPS ANTI-POLIOVIRUS 3,VI_SE_POLIO_3
ASAT 101,B_TGO
B_BiliD,BB_UG_BiliD_LD2
B_BiliD_Bm,BB_BiliD
B_BiliD_Bm,BB_UG_BiliD_LD2
B_BiliD_Bm_SI,BB_BiliD_SI
B_BiliD_SI,BB_UG_BiliD_LD2_SI
B_BiliT,BB_BiliT
B_BiliT_Bm,BB_BiliT
B_BiliT_LD_Bm,BB_UG_BiliD_LD2
B_BiliT_LD_Bm_SI,BB_UG_BiliD_LD2_SI
B_BiliT_SI,BB_BiliT_SI
B_Fer_Bm,BB_Fer
B_Fer_Bm_SI,BB_Fer_SI
B_GGT,BB_PR_FGGT
B_HDL,BB_UG_HDL
B_HDL_SI,BB_UG_HDL_SI
B_K,BB_K_IL
B_LDLd,BB_UG_LDLd
B_LDLd_SI,BB_UG_LDLd_SI
BA_VS_1H,B_VS1
BA_VS_2H,B_VS2
BB_CL_IL,B_CL
BB_Creat_Ez_U,BB_LB_CREATU_Ez
BB_Creat_Ez_U_SI,BB_LB_CREAT_UM
BB_ECA,BC_ECA_CINETIQUE
BB_Ferritine,BB_Ferritine3
BB_Ferritine_dil,BB_Ferritine3
BB_HE_A1MC_Ez,BB_PR_A1MC_Ez
BB_HE_CKD_EPI,BB_UG_CKD_EPI
BB_HE_CL_COCK_Ez,BB_UG_CL_CREAT_Ez
BB_HE_CL_CREAT_C_Ez,BB_UG_CL_CREAT_C_Ez
BB_HE_CL_CREAT_EZ,BB_UG_CL_CREAT_Ez
BB_HE_CL_EAU_IL,BB_HE_CL_EAU
BB_HE_CL_ELC_IL,BB_HE_CL_ELC
BB_HE_CL_SCHW_Ez,BB_UG_SCHWARTZ_Ez
BB_HE_DFGe_Ez,BB_UG_DFGe_Ez
BB_HE_FECL_IL,BB_HE_FECL_Ez
BB_HE_FEK_IL,BB_HE_FEK_Ez
BB_HE_FENA_IL,BB_HE_FENA_Ez
BB_HE_OSMO_PC_IL,BB_HE_OSMO_PC
BB_HE_REABS_PO4_Ez,BB_UG_REABS_PO4_Ez
BB_HE_TA_P_IL,BB_HE_TA_P2
BB_LB_CAMEG,BB_LB_CAMG
BB_LB_CAMEM,BB_LB_CAMM
BB_LB_VIT_B6_SANG_TOT,BB_LB_VIT_B6
BB_LB_VIT_B6_ST,BB_LB_VIT_B6
BB_ME_CREAT_U_SI,BB_LB_CREAT_UM
BB_ME_CREAT_UM,BB_LB_CREAT_UM
BB_ME_CREATU_Ez,BB_LB_CREATU_Ez
BB_ME_UCreat_Ez,BB_LB_CREATU_Ez
BB_ME_UCREAT_Ez_SI,BB_LB_CREAT_UM
BB_NA_IL,B_NA
BB_PR_FAMG,BB_PR_AMG
BB_PR_FAPA,BB_PR_APA_BII
BB_PR_FBILIT,BB_BiliT
BB_PR_FBILIT_Bm,BB_BiliT
BB_PR_FBILIT_Bm_SI,BB_BiliT_SI
BB_PR_FBILIT_SI,BB_BiliT_SI
BB_PR_FGLUC_SI,BB_Glucose_SI
BB_PR_FGLUCOSE,BB_Glucose
BB_PR_FHPT,BB_PR_HPT
BB_PR_FTGP,B_TGP
BB_PR_PRL_PTH1,BB_PR_PTH_PO_T1
BB_PR_PRL_PTH2,BB_PR_PTH_PO_T2
BB_PR_PRL_PTH3,BB_PR_PTH_PO_T3
BB_PR_PRL_PTH4,BB_PR_PTH_PO_T4
BB_PR_PRL_PTH5,BB_PR_PTH_PO_T5
BB_PR_PRL_PTH6,BB_PR_PTH_PO_T6
BB_PR_PRL_PTH7,BB_PR_PTH_PO_T7
BB_PR_PRL_PTH8,BB_PR_PTH_PO_T8
BB_PR_RBP_Vit,BB_PR_RBP
BB_PR_RBP_Vit_SI,BB_PR_RBP_M
BB_UG_Cockcroft_Ez,BB_UG_CL_CREAT_Ez
BB_UG_GLYC,BB_Glucose
BC_17BETA_FEMMES,BC_17BETA_F_DXI
BC_17BETA_FILLETTE,BC_17BETA_F_DXI
BC_17BETA_MASCULIN,BC_17BETA_F_DXI
BC_ABT,B_ABT
BC_ALDO_XL_COUCHE,BC_ALDO_COUCHE
BC_ALDO_XL_DEBOUT,BC_ALDO_DEBOUT
BC_AMMO_TS_mg,BB_UG_AMON2
BC_AMMO_TS_SI,BB_UG_AMON2_SI
BC_AMY_D,BB_UG_Amylase_LD
BC_CA,BB_UG_Calcium
BC_CA_SI,BB_UG_Calcium_SI
BC_CA_U_mg,BB_UG_Ca_U
BC_CA_U_SI,BB_UG_Ca_U_SI
BC_CHOL_D,BB_UG_Chol_LD
BC_CHOL_D_SI,BB_UG_Chol_LD_SI
BC_CKD_EPI,BB_UG_CKD_EPI
BC_CL_LCR,BB_UG_Cl_LCR
BC_COCK_Creat_Enz,BB_UG_CL_CREAT_Ez
BC_CORT_ACCESS,BC_CORT
BC_CPK,BB_UG_CPK
BC_CREAT_ENZ,BB_CREAT_EZ
BC_CREAT_ENZ_D,BB_UG_Creat_LD_Ez
BC_CREAT_ENZ_D_SI,BB_UG_Creat_LD_Ez_SI
BC_CREAT_ENZ_SI,BB_CREAT_EZ_SI
BC_CREAT_ENZ_U_MG,BB_LB_CREATU_Ez
BC_CREAT_ENZ_U_MG24,BB_LB_CREAT_GJ
BC_CRP,BB_UG_CRP
BC_FER_DIA,BB_Fer
BC_FER_DIA_SI,BB_Fer_SI
BC_GLUC,BB_Glucose
BC_GLUC_D,BB_UG_Gluc_LD
BC_GLUC_D_SI,BB_UG_Gluc_LD_SI
BC_GLUC_LCR,BB_UG_Gluc_LCR
BC_GLUC_LCR_SI,BB_UG_Gluc_LCR_SI
BC_GLUC_SI,BB_Glucose_SI
BC_GLUC_U,BB_Gluc_U
BC_GLUC_U_SI,BB_Gluc_U_SI
BC_HAPTO,BB_PR_HPT
BC_HbA1c_HC,BB_ME_HBA1c
BC_HbA1c_HJA,BB_ME_HBA1c
BC_HCO3,BB_UG_Bicarb
BC_LAC_D,BB_AcLac_LD
BC_LAC_D_SI,BB_AcLac_LD_SI
BC_LDH_D,BB_UG_LDH_LD
BC_LIP_D,BB_UG_Lipase_LD
BC_MDRD_Creat_Enz,BB_UG_DFGe_Ez
BC_MYO,BB_MYO
BC_OSM,BB_HE_OSMO_PC
BC_PROT,BB_UG_Prot_T
BC_PROT_D,BB_UG_Prot_LD
BC_PROT_D_PYROG,BB_UG_Prot_LD
BC_PROT_LCR,BB_UG_Prot_LCR
BC_TA,BB_HE_TA_P2
BC_TCT_XL,BC_TCT
BC_TESTO_F,BC_TESTO_E
BC_TESTO_H,BC_TESTO_E
BC_TESTO_H_XL,BC_TESTO_E
BC_TRIG_D,BB_UG_Trigly_LD
BC_TRIG_D_SI,BB_UG_Trigly_LD_SI
BC_U_D,BB_UG_Uree_LD
BC_U_D_SI,BB_UG_Uree_LD_SI
BC_UREE,BB_Uree
BC_UREE_SI,BB_Uree_SI
BC_UREE_U,BB_Uree_U
BC_UREE_U_SI,BB_Uree_U_SI
BI   103,B_BiliNC_SI
CAD01,BB_UG_Ca_LD_SI
CAF01,PT_P2U_CAFE
CAU  201,BB_UG_Ca_U_SI
CAU  203,BC_CA_U24_SI
CAU  401,BB_UG_Ca_U_SI
CAU  403,BC_CA_U24_SI
CD   101,BB_UG_Creat_LD_Ez_SI
CG1  102,BB_UG_CG_SI
CG1  103,BB_UG_CG
CG2  101,BB_UG_CG1_SI
CG2  102,BB_UG_CG1_SI
CG3  101,BB_UG_CG2_SI
CG3  103,BB_UG_CG2_SI
CG4  101,BB_UG_CG3_SI
CG4  102,BB_UG_CG3_SI
CG5  101,BB_UG_CG4_SI
CG5  103,BB_UG_CG4_SI
CG6  101,BB_UG_CG5_SI
CG6  102,BB_UG_CG5_SI
CH   101,B_CHOL_SI
CLAI 103,BB_CREAT_EZ_SI
CLAI 104,BC_CREAT_ENZ_U_SI
CLAI 105,BB_UG_CL_CREAT_Ez
CLAI 114,BB_LB_CREAT_MJ
CLAI6306,BB_CREAT_EZ_SI
CLAI6307,BB_LB_CT_U
CLAI6311,BB_UG_CL_CREAT_C_Ez
CLAIC03,BB_CREAT_EZ_SI
CLAIC04,BB_UG_CL_CREAT_Ez
CLAIM06,BB_UG_DFGe_Ez
CLAIS03,BB_CREAT_EZ_SI
CLAIS04,BB_UG_SCHWARTZ_Ez
CLU  101,B_CL_U
CLU  102,B_CL_U_24
CLU  301,B_CL_U
CLU  303,B_CL_U_24
CLU201,B_CL_U
CMVAV01,VI_SE_CMV_AR_Avidite_T
CRP  101,BB_UG_CRP
CU   301,BB_LB_CT_U
CU   303,BB_LB_CT_U24
CU   401,BB_LB_CT_U
E2A01,BC_17BETA_F_DXI
F01,HC_N_GB_RECALCULE
F10,HC_MY_PNN
F11,HC_MY_PNE
F12,HC_MY_PNB
F20,HC_NF_LYMP
F21,HC_NF_MONO
FER  101,BB_Ferritine3
FIB01,BB_PR_FIB
FSH  101,BC_FSH
G    102,BB_Glucose
GAZ  101,BC_PH_GDS_a
GAZ  102,BC_PCO2_GDS_a
GAZ  103,BC_PO2_GDS_a
GAZ  104,BC_HCO3_GDS_a
GAZ  105,BC_TCO2_GDS_a
GAZ  106,BC_BEvt_GDS_a
GAZ  107,BC_BEvv_GDS_a
GAZ  108,BC_HCO3ST_GDS_a
GAZ  109,BC_SO2_GDS_a
GAZ  110,BC_THB_GDS_a
GBU  102,BB_Glucose
GEN,PT_BB_GENTA
GGT  101,BB_PR_FGGT
GU   101,BB_Gluc_U_SI
GU   102,BB_Gluc_U
HC_34V_VIABT,HC_PHO_VIABT
HC_34V_VIABT,HC_PTF_34_VIABT
HC_CYT_ERYTBL,HC_NF_ERYTHBL
HC_N_EBpct_XN,HC_N_EB_XN
HC_N_PLAQC,HC_N_PLAQ
HC_NUM_CCMH,HC_N_CCMH
HC_NUM_GB,HC_N_GB_RECALCULE
HC_NUM_GR,HC_N_GR
HC_NUM_HB,HC_N_HB
HC_NUM_HTC,HC_N_HTC
HC_NUM_PLAQ,HC_N_PLAQ
HC_NUM_TCMH,HC_N_TCMH
HC_NUM_VGM,HC_N_VGM
HC_SP_LYMPH,HC_NF_LYMP
HCG  101,B_HCG5
HCGI01,B_HCG5
HCO301,BB_UG_Bicarb
HDL  101,BB_UG_HDL_SI
HE_ENZ_RET_P,HC_NR_RETIC
HE_ENZ_RET_T,HC_NR_RETIC
HH_FIB,BB_PR_FIB
INR01,HH_INR
K    101,BB_K_IL
KD01,BB_UG_K_LD
KU   101,B_K_U
KU   103,B_K_U24
KU   301,B_K_U
KU   303,B_K_U24
LDL  101,BB_UG_LDLd_SI
LDLF 104,BB_UG_LDLd_SI
LH   101,BC_LH
MA   301,BB_PR_MA
MA01,BB_PR_MA
N01,HC_N_GR
N02,HC_N_HB
N03,HC_N_HTC
N04,HC_N_VGM
N05,HC_N_TCMH
N06,HC_N_CCMH
N11,HC_N_GB_RECALCULE
N201,H_N_GR
N202,HC_N_HB
N203,HC_N_HTC
N204,HC_N_VGM
N205,HC_N_TCMH
N206,HC_N_CCMH
N211,HC_N_GB_RECALCULE
NA   101,B_NA
NA301,B_NA
NAD01,BB_UG_Na_LD
NAU  101,B_NA_U
NAU  103,B_NA_U24
NAU  301,B_NA_U
NAU  303,B_NA_U24
NRBC01,HC_N_EB_XN
P2U_Bicarb_P_degrad,BB_UG_Bicarb
P2U_BiliT_P_degrad,BB_BiliT
P2U_BiliT_P_degrad_CONV,BB_BiliT_SI
P2U_Ca_P_degrad_CONV,BB_UG_Calcium_SI
P2U_Glucose_P_degrad,BB_Glucose
P2U_Glucose_P_degrad_CONV,BB_Glucose_SI
P2U_K_P_degrad,BB_K_IL
P2U_LACT_P_degrad_CONV,B_LACT_SI
P2U_NA_P_degrad,B_NA
PAL  101,B_PAL
PERF 103,BB_VOL_PERF
PERF 104,BB_NA_PRESC
PERF 105,BB_NA_THEO
PERF 107,BB_Na_Ecart
PERF 108,BB_K_PRESC
PERF 109,BB_K_THEO
PERF 111,BB_K_Ecart
PERFHE03,BB_VOL_PERF
PERFHE04,BB_NA_PRESC
PERFHE05,BB_NA_THEO
PERFHE07,BB_Na_Ecart
PERFHE08,BB_K_PRESC
PERFHE09,BB_K_THEO
PERFHE11,BB_K_Ecart
PERFHE13,BB_UG_NaAlim
PERFHE14,BB_UG_KAlim
PLAQ01,HC_N_PLAQ
PLAQ02,HC_N_VPM
PLC01,HC_N_PLAQ_CIT
PLC02,HC_N_VPM
PRD01,BB_UG_Prot_LD
PRG  101,BC_PROGESTERONE
PRU  101,B_PROT_U
PRU  103,B_PROT_U24
PRU  301,B_PROT_U
PT_10_OH_CARBAMAZEPINE,PT_P2U_CARBAMAZEPINE
PT_ACIDE_VALPROIQUE,PT_P2U_DEPA
PT_BB_MTX_10,PT_BB_MTX
PT_CARBAMAZEPINE,PT_P2U_CARBAMAZEPINE
PT_P2U_TEICO,PT_BB_TEICO
PT_PHENOBARBITAL,PT_P2U_PHENOBARBITAL
PT_PHENYTOINE,PT_P2U_PHENYTOINE
PU   101,B_Phosp_U_SI
PU   103,B_Phosp_U24_SI
RET03,HC_NR_RETIC
RFA,PT_RIFAMPICINE
T212T06,T21T206
T212T14,T21T214
T212T15,T21T215
T212T17,T21T217
T212TP02,T21T2P02
T212TP20,T21T2P20
T212TP21,T21T2P21
T3   101,BC_FT3_pmol_l
T4   101,BC_FT4_pmol_l
T4I01,BC_FT4_pmol_l
TCA01,HH_TTCA
TCA02,HH_TCA
TCA03,HH_TCARatioMT
TEC,PT_BB_TEICO
TIGG 105,BA_SE_DIPHT_G_T
TIGM 101,PM_SER_TOX_ISAGAM_SE
TOB,PT_BB_TOBRA
TOXAV201,PM_SER_TOX_ARCHI_AVIDITE_SE
TP_AMIK,PT_BB_AMIKA
TP_CAFE,PT_P2U_CAFE
TP_CARB,PT_P2U_CARBAMAZEPINE
TP_CLONA,PT_CLONAZEPAM
TP_COTE,TP_COTA
TP_CSA,PT_CSA_H0
TP_CSAE,PT_CSA_H2
TP_DEPA,PT_P2U_DEPA
TP_DEPA_G,PT_P2U_DEPA
TP_DG,PT_P2U_DIGO
TP_DG_G,PT_P2U_DIGO
TP_DPH,PT_É2U_PHENYTOINE
TP_EG_S,TP_EG
TP_ETOH,PT_P2U_ETOH
TP_ETOH_G,PT_P2U_ETOH
TP_ETOH_P,PT_P2U_ETOH
TP_ETOH_S,PT_P2U_ETOH
TP_GENTA,PT_BB_GENTA
TP_ITRA,PT_ITRACONAZOLE
TP_LEVETI,PT_LEVETIRACETAM
TP_METFOR,PT_METFORMINE
TP_METOH_P,TP_METOH
TP_METOH_S,TP_METOH
TP_MTX,PT_BB_MTX
TP_MTX_C,PT_BB_MTX
TP_MTX_C2,PT_BB_MTX
TP_MTX2,PT_BB_MTX
TP_PARA,PT_P2U_PARACETAMOL
TP_PARA_G,PT_P2U_PARACETAMOL
TP_PHNO,PT_P2A_PHENOBARBITAL
TP_PHNO_G,PT_P2A_PHENOBARBITAL
TP_POSACONAZOLE,PT_POSACONAZOLE
TP_TEICO,PT_BB_TEICO
TP_THC_SG,TP_THC_P
TP_THCCOOH_P,TP_THCCOOH_SG
TP_THCOH_P,TP_THCOH_SG
TP_THIOP,PT_THIOPENTAL
TP_TOBRA,PT_BB_TOBRA
TP_VANCO,PT_BB_VANCO
TP_VORICO,PT_VORICONAZOLE
TQ01,HH_TQ
TQ02,HH_TTQ
TQ03,HH_FII10
TSH  101,BC_TSH_Dxi
TSHI01,BC_TSH_Dxi
UD   101,BB_UG_Uree_LD_SI
UR   101,B_AU_SI
URU  101,B_AU_U_SI
UU   101,BB_Uree_U_SI
UU   103,BC_UREE_U24_SI
UU   301,BB_Uree_U_SI
UU   303,BC_UREE_U24_SI
UU201,BB_Uree_U_SI
VAN,PT_BB_VANCO
VHAM 102,VI_SE_HAV_M_AR_T
zz_I_PR3,I_PR3
